// Jest Snapshot v1, https://goo.gl/fbAQLP

exports[`[JSON.ObjectRow] should match initial snapshot 1`] = `
<div>
  <div
    class="mt-1 flex items-center space-x-1"
    style="margin-left: 0rem;"
  >
    <button
      class="rounded-sm bg-red-500 hover:bg-red-600 active:bg-red-700 invisible"
    >
      <svg
        class="fill-white"
      />
    </button>
    <pre
      class="text-amber-700"
    >
      key
      :
    </pre>
     
    <pre
      class="flex items-center space-x-0.5"
    >
      {
      <button
        class="mx-0.5 rounded-sm bg-slate-400 hover:bg-slate-500 active:bg-slate-600"
      >
        <svg />
      </button>
      }
    </pre>
  </div>
  <div
    class="relative "
  >
    <button
      class="absolute h-2 -mt-0.5 first:-mt-1.5 group opacity-0 hover:opacity-100"
      style="margin-left: 2rem; width: calc(100% - 2rem); z-index: 2;"
    >
      <div
        class="absolute left-0 right-0 h-0.5 -translate-y-1/2 bg-slate-300 group-hover:bg-slate-400 group-active:bg-slate-500"
      />
      <div
        class="absolute left-1/2 -translate-x-1/2 -translate-y-1/2 border rounded-sm bg-white border-slate-300 group-hover:border-slate-400 group-active:border-slate-500"
      >
        <svg
          class=" fill-slate-300  group-hover:fill-slate-400 group-active:fill-slate-500"
        />
      </div>
    </button>
    <div
      class="mt-1 flex items-center space-x-1"
      style="margin-left: 1rem;"
    >
      <button
        class="rounded-sm bg-red-500 hover:bg-red-600 active:bg-red-700  invisible"
      >
        <svg
          class="fill-white"
        />
      </button>
      <pre
        class="text-amber-700"
      >
        hello
        :
      </pre>
       
      <div
        class="flex-auto"
      >
        <pre
          class="whitespace-pre-wrap break-all text-sky-400"
        >
          "world"
        </pre>
      </div>
    </div>
    <button
      class="absolute h-2 -mt-0.5 first:-mt-1.5 group opacity-0 hover:opacity-100"
      style="margin-left: 2rem; width: calc(100% - 2rem); z-index: 2;"
    >
      <div
        class="absolute left-0 right-0 h-0.5 -translate-y-1/2 bg-slate-300 group-hover:bg-slate-400 group-active:bg-slate-500"
      />
      <div
        class="absolute left-1/2 -translate-x-1/2 -translate-y-1/2 border rounded-sm bg-white border-slate-300 group-hover:border-slate-400 group-active:border-slate-500"
      >
        <svg
          class=" fill-slate-300  group-hover:fill-slate-400 group-active:fill-slate-500"
        />
      </div>
    </button>
    <div
      class="mt-1 flex items-center space-x-1"
      style="margin-left: 1rem;"
    >
      <button
        class="rounded-sm bg-red-500 hover:bg-red-600 active:bg-red-700 invisible"
      >
        <svg
          class="fill-white"
        />
      </button>
      <pre
        class="text-amber-700"
      >
        obj
        :
      </pre>
       
      <pre
        class="flex items-center space-x-0.5"
      >
        {
        <button
          class="mx-0.5 rounded-sm bg-slate-400 hover:bg-slate-500 active:bg-slate-600"
        >
          <svg />
        </button>
        }
      </pre>
    </div>
    <div
      class="relative hidden"
    >
      <button
        class="absolute h-2 -mt-0.5 first:-mt-1.5 group opacity-0 hover:opacity-100"
        style="margin-left: 3rem; width: calc(100% - 3rem); z-index: 3;"
      >
        <div
          class="absolute left-0 right-0 h-0.5 -translate-y-1/2 bg-slate-300 group-hover:bg-slate-400 group-active:bg-slate-500"
        />
        <div
          class="absolute left-1/2 -translate-x-1/2 -translate-y-1/2 border rounded-sm bg-white border-slate-300 group-hover:border-slate-400 group-active:border-slate-500"
        >
          <svg
            class=" fill-slate-300  group-hover:fill-slate-400 group-active:fill-slate-500"
          />
        </div>
      </button>
      <div
        class="mt-1 flex items-center space-x-1"
        style="margin-left: 2rem;"
      >
        <button
          class="rounded-sm bg-red-500 hover:bg-red-600 active:bg-red-700  invisible"
        >
          <svg
            class="fill-white"
          />
        </button>
        <pre
          class="text-amber-700"
        >
          barbes
          :
        </pre>
         
        <div
          class="flex-auto"
        >
          <pre
            class="whitespace-pre-wrap break-all text-sky-400"
          >
            "rochechouart"
          </pre>
        </div>
      </div>
      <button
        class="absolute h-2 -mt-0.5 first:-mt-1.5 group opacity-0 hover:opacity-100"
        style="margin-left: 3rem; width: calc(100% - 3rem); z-index: 3;"
      >
        <div
          class="absolute left-0 right-0 h-0.5 -translate-y-1/2 bg-slate-300 group-hover:bg-slate-400 group-active:bg-slate-500"
        />
        <div
          class="absolute left-1/2 -translate-x-1/2 -translate-y-1/2 border rounded-sm bg-white border-slate-300 group-hover:border-slate-400 group-active:border-slate-500"
        >
          <svg
            class=" fill-slate-300  group-hover:fill-slate-400 group-active:fill-slate-500"
          />
        </div>
      </button>
      <div
        class="mt-1 flex items-center space-x-1"
        style="margin-left: 2rem;"
      >
        <button
          class="rounded-sm bg-red-500 hover:bg-red-600 active:bg-red-700  invisible"
        >
          <svg
            class="fill-white"
          />
        </button>
        <pre
          class="text-amber-700"
        >
          version
          :
        </pre>
         
        <div
          class="flex-auto"
        >
          <pre
            class="whitespace-pre-wrap break-all text-rose-500"
          >
            1
          </pre>
        </div>
      </div>
      <button
        class="absolute h-2 -mt-0.5 first:-mt-1.5 group opacity-0 hover:opacity-100"
        style="margin-left: 3rem; width: calc(100% - 3rem); z-index: 3;"
      >
        <div
          class="absolute left-0 right-0 h-0.5 -translate-y-1/2 bg-slate-300 group-hover:bg-slate-400 group-active:bg-slate-500"
        />
        <div
          class="absolute left-1/2 -translate-x-1/2 -translate-y-1/2 border rounded-sm bg-white border-slate-300 group-hover:border-slate-400 group-active:border-slate-500"
        >
          <svg
            class=" fill-slate-300  group-hover:fill-slate-400 group-active:fill-slate-500"
          />
        </div>
      </button>
      <div
        class="mt-1 flex items-center space-x-1"
        style="margin-left: 2rem;"
      >
        <button
          class="rounded-sm bg-red-500 hover:bg-red-600 active:bg-red-700  invisible"
        >
          <svg
            class="fill-white"
          />
        </button>
        <pre
          class="text-amber-700"
        >
          toto
          :
        </pre>
         
        <div
          class="flex-auto"
        >
          <pre
            class="whitespace-pre-wrap break-all text-purple-500"
          >
            null
          </pre>
        </div>
      </div>
      <button
        class="absolute h-2 -mt-0.5 first:-mt-1.5 group opacity-0 hover:opacity-100"
        style="margin-left: 3rem; width: calc(100% - 3rem); z-index: 3;"
      >
        <div
          class="absolute left-0 right-0 h-0.5 -translate-y-1/2 bg-slate-300 group-hover:bg-slate-400 group-active:bg-slate-500"
        />
        <div
          class="absolute left-1/2 -translate-x-1/2 -translate-y-1/2 border rounded-sm bg-white border-slate-300 group-hover:border-slate-400 group-active:border-slate-500"
        >
          <svg
            class=" fill-slate-300  group-hover:fill-slate-400 group-active:fill-slate-500"
          />
        </div>
      </button>
      <div
        class="mt-1 flex items-center space-x-1"
        style="margin-left: 2rem;"
      >
        <button
          class="rounded-sm bg-red-500 hover:bg-red-600 active:bg-red-700 invisible"
        >
          <svg
            class="fill-white"
          />
        </button>
        <pre
          class="text-amber-700"
        >
          arr
          :
        </pre>
         
        <pre
          class="flex items-center space-x-0.5"
        >
          [
          <button
            class="mx-0.5 rounded-sm bg-slate-400 hover:bg-slate-500 active:bg-slate-600"
          >
            <svg />
          </button>
          ]
        </pre>
      </div>
      <div
        class="relative hidden"
      >
        <button
          class="absolute h-2 -mt-0.5 first:-mt-1.5 group opacity-0 hover:opacity-100"
          style="margin-left: 4rem; width: calc(100% - 4rem); z-index: 4;"
        >
          <div
            class="absolute left-0 right-0 h-0.5 -translate-y-1/2 bg-slate-300 group-hover:bg-slate-400 group-active:bg-slate-500"
          />
          <div
            class="absolute left-1/2 -translate-x-1/2 -translate-y-1/2 border rounded-sm bg-white border-slate-300 group-hover:border-slate-400 group-active:border-slate-500"
          >
            <svg
              class=" fill-slate-300  group-hover:fill-slate-400 group-active:fill-slate-500"
            />
          </div>
        </button>
        <div
          class="mt-1 flex items-center space-x-1"
          style="margin-left: 3rem;"
        >
          <button
            class="rounded-sm bg-red-500 hover:bg-red-600 active:bg-red-700  invisible"
          >
            <svg
              class="fill-white"
            />
          </button>
          <pre
            class="text-amber-700"
          >
            0
            :
          </pre>
           
          <div
            class="flex-auto"
          >
            <pre
              class="whitespace-pre-wrap break-all text-rose-500"
            >
              0.7309955249202127
            </pre>
          </div>
        </div>
        <button
          class="absolute h-2 -mt-0.5 first:-mt-1.5 group opacity-0 hover:opacity-100"
          style="margin-left: 4rem; width: calc(100% - 4rem); z-index: 4;"
        >
          <div
            class="absolute left-0 right-0 h-0.5 -translate-y-1/2 bg-slate-300 group-hover:bg-slate-400 group-active:bg-slate-500"
          />
          <div
            class="absolute left-1/2 -translate-x-1/2 -translate-y-1/2 border rounded-sm bg-white border-slate-300 group-hover:border-slate-400 group-active:border-slate-500"
          >
            <svg
              class=" fill-slate-300  group-hover:fill-slate-400 group-active:fill-slate-500"
            />
          </div>
        </button>
        <div
          class="mt-1 flex items-center space-x-1"
          style="margin-left: 3rem;"
        >
          <button
            class="rounded-sm bg-red-500 hover:bg-red-600 active:bg-red-700  invisible"
          >
            <svg
              class="fill-white"
            />
          </button>
          <pre
            class="text-amber-700"
          >
            1
            :
          </pre>
           
          <div
            class="flex-auto"
          >
            <pre
              class="whitespace-pre-wrap break-all text-rose-500"
            >
              0.45152102178420384
            </pre>
          </div>
        </div>
        <button
          class="absolute h-2 -mt-0.5 first:-mt-1.5 group opacity-0 hover:opacity-100"
          style="margin-left: 4rem; width: calc(100% - 4rem); z-index: 4;"
        >
          <div
            class="absolute left-0 right-0 h-0.5 -translate-y-1/2 bg-slate-300 group-hover:bg-slate-400 group-active:bg-slate-500"
          />
          <div
            class="absolute left-1/2 -translate-x-1/2 -translate-y-1/2 border rounded-sm bg-white border-slate-300 group-hover:border-slate-400 group-active:border-slate-500"
          >
            <svg
              class=" fill-slate-300  group-hover:fill-slate-400 group-active:fill-slate-500"
            />
          </div>
        </button>
        <div
          class="mt-1 flex items-center space-x-1"
          style="margin-left: 3rem;"
        >
          <button
            class="rounded-sm bg-red-500 hover:bg-red-600 active:bg-red-700  invisible"
          >
            <svg
              class="fill-white"
            />
          </button>
          <pre
            class="text-amber-700"
          >
            2
            :
          </pre>
           
          <div
            class="flex-auto"
          >
            <pre
              class="whitespace-pre-wrap break-all text-rose-500"
            >
              0.3101491368469109
            </pre>
          </div>
        </div>
        <button
          class="absolute h-2 -mt-0.5 first:-mt-1.5 group opacity-0 hover:opacity-100"
          style="margin-left: 4rem; width: calc(100% - 4rem); z-index: 4;"
        >
          <div
            class="absolute left-0 right-0 h-0.5 -translate-y-1/2 bg-slate-300 group-hover:bg-slate-400 group-active:bg-slate-500"
          />
          <div
            class="absolute left-1/2 -translate-x-1/2 -translate-y-1/2 border rounded-sm bg-white border-slate-300 group-hover:border-slate-400 group-active:border-slate-500"
          >
            <svg
              class=" fill-slate-300  group-hover:fill-slate-400 group-active:fill-slate-500"
            />
          </div>
        </button>
        <div
          class="mt-1 flex items-center space-x-1"
          style="margin-left: 3rem;"
        >
          <button
            class="rounded-sm bg-red-500 hover:bg-red-600 active:bg-red-700  invisible"
          >
            <svg
              class="fill-white"
            />
          </button>
          <pre
            class="text-amber-700"
          >
            3
            :
          </pre>
           
          <div
            class="flex-auto"
          >
            <pre
              class="whitespace-pre-wrap break-all text-rose-500"
            >
              0.33964078594296154
            </pre>
          </div>
        </div>
        <button
          class="absolute h-2 -mt-0.5 first:-mt-1.5 group opacity-0 hover:opacity-100"
          style="margin-left: 4rem; width: calc(100% - 4rem); z-index: 4;"
        >
          <div
            class="absolute left-0 right-0 h-0.5 -translate-y-1/2 bg-slate-300 group-hover:bg-slate-400 group-active:bg-slate-500"
          />
          <div
            class="absolute left-1/2 -translate-x-1/2 -translate-y-1/2 border rounded-sm bg-white border-slate-300 group-hover:border-slate-400 group-active:border-slate-500"
          >
            <svg
              class=" fill-slate-300  group-hover:fill-slate-400 group-active:fill-slate-500"
            />
          </div>
        </button>
        <div
          class="mt-1 flex items-center space-x-1"
          style="margin-left: 3rem;"
        >
          <button
            class="rounded-sm bg-red-500 hover:bg-red-600 active:bg-red-700  invisible"
          >
            <svg
              class="fill-white"
            />
          </button>
          <pre
            class="text-amber-700"
          >
            4
            :
          </pre>
           
          <div
            class="flex-auto"
          >
            <pre
              class="whitespace-pre-wrap break-all text-rose-500"
            >
              0.579201406715314
            </pre>
          </div>
        </div>
        <button
          class="absolute h-2 -mt-0.5 first:-mt-1.5 group opacity-0 hover:opacity-100"
          style="margin-left: 4rem; width: calc(100% - 4rem); z-index: 4;"
        >
          <div
            class="absolute left-0 right-0 h-0.5 -translate-y-1/2 bg-slate-300 group-hover:bg-slate-400 group-active:bg-slate-500"
          />
          <div
            class="absolute left-1/2 -translate-x-1/2 -translate-y-1/2 border rounded-sm bg-white border-slate-300 group-hover:border-slate-400 group-active:border-slate-500"
          >
            <svg
              class=" fill-slate-300  group-hover:fill-slate-400 group-active:fill-slate-500"
            />
          </div>
        </button>
      </div>
      <button
        class="absolute h-2 -mt-0.5 first:-mt-1.5 group opacity-0 hover:opacity-100"
        style="margin-left: 3rem; width: calc(100% - 3rem); z-index: 3;"
      >
        <div
          class="absolute left-0 right-0 h-0.5 -translate-y-1/2 bg-slate-300 group-hover:bg-slate-400 group-active:bg-slate-500"
        />
        <div
          class="absolute left-1/2 -translate-x-1/2 -translate-y-1/2 border rounded-sm bg-white border-slate-300 group-hover:border-slate-400 group-active:border-slate-500"
        >
          <svg
            class=" fill-slate-300  group-hover:fill-slate-400 group-active:fill-slate-500"
          />
        </div>
      </button>
      <div
        class="mt-1 flex items-center space-x-1"
        style="margin-left: 2rem;"
      >
        <button
          class="rounded-sm bg-red-500 hover:bg-red-600 active:bg-red-700 invisible"
        >
          <svg
            class="fill-white"
          />
        </button>
        <pre
          class="text-amber-700"
        >
          nested
          :
        </pre>
         
        <pre
          class="flex items-center space-x-0.5"
        >
          {
          <button
            class="mx-0.5 rounded-sm bg-slate-400 hover:bg-slate-500 active:bg-slate-600"
          >
            <svg />
          </button>
          }
        </pre>
      </div>
      <div
        class="relative hidden"
      >
        <button
          class="absolute h-2 -mt-0.5 first:-mt-1.5 group opacity-0 hover:opacity-100"
          style="margin-left: 4rem; width: calc(100% - 4rem); z-index: 4;"
        >
          <div
            class="absolute left-0 right-0 h-0.5 -translate-y-1/2 bg-slate-300 group-hover:bg-slate-400 group-active:bg-slate-500"
          />
          <div
            class="absolute left-1/2 -translate-x-1/2 -translate-y-1/2 border rounded-sm bg-white border-slate-300 group-hover:border-slate-400 group-active:border-slate-500"
          >
            <svg
              class=" fill-slate-300  group-hover:fill-slate-400 group-active:fill-slate-500"
            />
          </div>
        </button>
        <div
          class="mt-1 flex items-center space-x-1"
          style="margin-left: 3rem;"
        >
          <button
            class="rounded-sm bg-red-500 hover:bg-red-600 active:bg-red-700  invisible"
          >
            <svg
              class="fill-white"
            />
          </button>
          <pre
            class="text-amber-700"
          >
            thx
            :
          </pre>
           
          <div
            class="flex-auto"
          >
            <pre
              class="whitespace-pre-wrap break-all text-rose-500"
            >
              1138
            </pre>
          </div>
        </div>
        <button
          class="absolute h-2 -mt-0.5 first:-mt-1.5 group opacity-0 hover:opacity-100"
          style="margin-left: 4rem; width: calc(100% - 4rem); z-index: 4;"
        >
          <div
            class="absolute left-0 right-0 h-0.5 -translate-y-1/2 bg-slate-300 group-hover:bg-slate-400 group-active:bg-slate-500"
          />
          <div
            class="absolute left-1/2 -translate-x-1/2 -translate-y-1/2 border rounded-sm bg-white border-slate-300 group-hover:border-slate-400 group-active:border-slate-500"
          >
            <svg
              class=" fill-slate-300  group-hover:fill-slate-400 group-active:fill-slate-500"
            />
          </div>
        </button>
        <div
          class="mt-1 flex items-center space-x-1"
          style="margin-left: 3rem;"
        >
          <button
            class="rounded-sm bg-red-500 hover:bg-red-600 active:bg-red-700  invisible"
          >
            <svg
              class="fill-white"
            />
          </button>
          <pre
            class="text-amber-700"
          >
            star
            :
          </pre>
           
          <div
            class="flex-auto"
          >
            <pre
              class="whitespace-pre-wrap break-all text-sky-400"
            >
              "wars"
            </pre>
          </div>
        </div>
        <button
          class="absolute h-2 -mt-0.5 first:-mt-1.5 group opacity-0 hover:opacity-100"
          style="margin-left: 4rem; width: calc(100% - 4rem); z-index: 4;"
        >
          <div
            class="absolute left-0 right-0 h-0.5 -translate-y-1/2 bg-slate-300 group-hover:bg-slate-400 group-active:bg-slate-500"
          />
          <div
            class="absolute left-1/2 -translate-x-1/2 -translate-y-1/2 border rounded-sm bg-white border-slate-300 group-hover:border-slate-400 group-active:border-slate-500"
          >
            <svg
              class=" fill-slate-300  group-hover:fill-slate-400 group-active:fill-slate-500"
            />
          </div>
        </button>
      </div>
      <button
        class="absolute h-2 -mt-0.5 first:-mt-1.5 group opacity-0 hover:opacity-100"
        style="margin-left: 3rem; width: calc(100% - 3rem); z-index: 3;"
      >
        <div
          class="absolute left-0 right-0 h-0.5 -translate-y-1/2 bg-slate-300 group-hover:bg-slate-400 group-active:bg-slate-500"
        />
        <div
          class="absolute left-1/2 -translate-x-1/2 -translate-y-1/2 border rounded-sm bg-white border-slate-300 group-hover:border-slate-400 group-active:border-slate-500"
        >
          <svg
            class=" fill-slate-300  group-hover:fill-slate-400 group-active:fill-slate-500"
          />
        </div>
      </button>
    </div>
    <button
      class="absolute h-2 -mt-0.5 first:-mt-1.5 group opacity-0 hover:opacity-100"
      style="margin-left: 2rem; width: calc(100% - 2rem); z-index: 2;"
    >
      <div
        class="absolute left-0 right-0 h-0.5 -translate-y-1/2 bg-slate-300 group-hover:bg-slate-400 group-active:bg-slate-500"
      />
      <div
        class="absolute left-1/2 -translate-x-1/2 -translate-y-1/2 border rounded-sm bg-white border-slate-300 group-hover:border-slate-400 group-active:border-slate-500"
      >
        <svg
          class=" fill-slate-300  group-hover:fill-slate-400 group-active:fill-slate-500"
        />
      </div>
    </button>
    <div
      class="mt-1 flex items-center space-x-1"
      style="margin-left: 1rem;"
    >
      <button
        class="rounded-sm bg-red-500 hover:bg-red-600 active:bg-red-700  invisible"
      >
        <svg
          class="fill-white"
        />
      </button>
      <pre
        class="text-amber-700"
      >
        done
        :
      </pre>
       
      <div
        class="flex-auto"
      >
        <pre
          class="whitespace-pre-wrap break-all text-green-500"
        >
          true
        </pre>
      </div>
    </div>
    <button
      class="absolute h-2 -mt-0.5 first:-mt-1.5 group opacity-0 hover:opacity-100"
      style="margin-left: 2rem; width: calc(100% - 2rem); z-index: 2;"
    >
      <div
        class="absolute left-0 right-0 h-0.5 -translate-y-1/2 bg-slate-300 group-hover:bg-slate-400 group-active:bg-slate-500"
      />
      <div
        class="absolute left-1/2 -translate-x-1/2 -translate-y-1/2 border rounded-sm bg-white border-slate-300 group-hover:border-slate-400 group-active:border-slate-500"
      >
        <svg
          class=" fill-slate-300  group-hover:fill-slate-400 group-active:fill-slate-500"
        />
      </div>
    </button>
  </div>
</div>
`;
