// Jest Snapshot v1, https://goo.gl/fbAQLP

exports[`[JSON.PrimitiveRow] should match initial snapshot 1`] = `
<div>
  <div
    class="mt-1 flex items-center space-x-1"
    style="margin-left: 0rem;"
  >
    <button
      class="rounded-sm bg-red-500 hover:bg-red-600 active:bg-red-700  invisible"
    >
      <svg
        class="fill-white"
      />
    </button>
    <pre
      class="text-amber-700"
    >
      key
      :
    </pre>
     
    <div
      class="flex-auto"
    >
      <pre
        class="whitespace-pre-wrap break-all text-purple-500"
      >
        null
      </pre>
    </div>
  </div>
</div>
`;
