// Jest Snapshot v1, https://goo.gl/fbAQLP

exports[`[InterceptView] should match initial snapshot 1`] = `
<div>
  <div
    class="max-w-5xl mx-24 mt-8 px-8 pt-2 grid grid-cols-1 gap-6"
  >
    <label
      class="block"
    >
      <span
        class="text-3xl font-bold"
      >
        Intercept
      </span>
    </label>
    <label
      class="mt-1 inline-flex items-center"
    >
      <input
        checked=""
        type="checkbox"
      />
      <span
        class="ml-1 text-sm text-gray-700 dark:text-slate-100"
      >
        Enabled
      </span>
    </label>
    <label
      class="mt-1 block"
    >
      <span
        class="text-sm text-gray-700 dark:text-slate-100"
      >
        If URL matches
      </span>
      <div
        class="flex items-center space-x-2"
      >
        <input
          class="block mt-1 text-sm flex-auto dark:bg-slate-600 dark:text-slate-100"
          placeholder="example.com"
          type="text"
          value="example.com"
        />
        <label
          class="inline-flex items-center"
        >
          <input
            type="checkbox"
          />
          <span
            class="ml-1 text-sm text-gray-700 dark:text-slate-100"
          >
            Regexp
          </span>
        </label>
      </div>
    </label>
    <label
      class="mt-1 inline-flex items-center"
    >
      <input
        type="checkbox"
      />
      <span
        class="ml-1 text-sm text-gray-700 dark:text-slate-100"
      >
        Intercept response
      </span>
    </label>
  </div>
</div>
`;
