// Jest Snapshot v1, https://goo.gl/fbAQLP

exports[`[Main] should match empty selection snapshot 1`] = `
<div>
  <main
    class="min-h-screen undefined"
    id="main"
  >
    <div
      class="container flex min-h-screen flex-col items-center justify-center bg-slate-50 "
      id="welcome-view"
    >
      <div
        class="container max-w-xs"
      >
        <svg
          class="h-auto w-full fill-indigo-700"
        />
      </div>
      <div
        class="text-4xl font-bold"
      >
        Interceptor
      </div>
      <button
        class="my-6 rounded bg-indigo-700 px-9 py-3 text-sm font-semibold text-white hover:opacity-75 active:opacity-100"
        title="Add intercept"
      >
        Add Intercept
      </button>
    </div>
  </main>
</div>
`;

exports[`[Main] should match intercept selection snapshot 1`] = `
<div>
  <main
    class="min-h-screen undefined"
    id="main"
  >
    <div
      class="max-w-5xl mx-24 mt-8 px-8 pt-2 grid grid-cols-1 gap-6"
    >
      <label
        class="block"
      >
        <span
          class="text-3xl font-bold"
        >
          Intercept
        </span>
      </label>
      <label
        class="block"
      >
        <input
          checked=""
          class="mt-1"
          type="checkbox"
        />
        <span
          class="ml-1 text-sm text-gray-700"
        >
          Enabled
        </span>
      </label>
      <label
        class="block"
      >
        <span
          class="text-sm text-gray-700"
        >
          If URL matches
        </span>
        <input
          class="mt-1 block text-sm w-full"
          placeholder="example.com"
          type="text"
          value="example.com"
        />
      </label>
    </div>
  </main>
</div>
`;

exports[`[Main] should match request selection snapshot 1`] = `
<div>
  <main
    class="min-h-screen undefined"
    id="main"
  >
    <div
      class="max-w-5xl mx-24 mt-8 px-8 pt-2"
    >
      <div
        class="flex space-x-4 mb-4"
      >
        <button
          class="text-base rounded py-2 px-4 font-medium border hover:bg-gray-300 active:bg-gray-400"
        >
          Headers
        </button>
        <button
          class="text-base rounded py-2 px-4 font-medium border bg-blue-50"
          disabled=""
        >
          Body
        </button>
      </div>
      <div
        class="space-y-1"
      >
        <div
          class="flex items-baseline space-x-1"
          style="margin-left: 0rem;"
        >
          <pre
            class="text-amber-700"
          >
            hello
            :
          </pre>
          <pre
            class="text-sky-400"
          >
            "
            world
            "
          </pre>
        </div>
        <div
          class="flex items-baseline space-x-1"
          style="margin-left: 0rem;"
        >
          <pre
            class="text-amber-700"
          >
            obj
            :
          </pre>
          <pre
            class="flex items-center space-x-0.5"
          >
            {
            <button
              class="rounded-sm bg-slate-400 hover:bg-slate-500 active:bg-slate-600"
            >
              <svg />
            </button>
            }
          </pre>
        </div>
        <div
          class="space-y-1 hidden"
        >
          <div
            class="flex items-baseline space-x-1"
            style="margin-left: 1rem;"
          >
            <pre
              class="text-amber-700"
            >
              barbes
              :
            </pre>
            <pre
              class="text-sky-400"
            >
              "
              rochechouart
              "
            </pre>
          </div>
          <div
            class="flex items-baseline space-x-1"
            style="margin-left: 1rem;"
          >
            <pre
              class="text-amber-700"
            >
              version
              :
            </pre>
            <pre
              class="text-rose-500"
            >
              1
            </pre>
          </div>
          <div
            class="flex items-baseline space-x-1"
            style="margin-left: 1rem;"
          >
            <pre
              class="text-amber-700"
            >
              toto
              :
            </pre>
            <pre
              class="text-purple-500"
            >
              null
            </pre>
          </div>
          <div
            class="flex items-baseline space-x-1"
            style="margin-left: 1rem;"
          >
            <pre
              class="text-amber-700"
            >
              arr
              :
            </pre>
            <pre
              class="flex items-center space-x-0.5"
            >
              [
              <button
                class="rounded-sm bg-slate-400 hover:bg-slate-500 active:bg-slate-600"
              >
                <svg />
              </button>
              ]
            </pre>
          </div>
          <div
            class="space-y-1 hidden"
          >
            <div
              class="flex items-baseline space-x-1"
              style="margin-left: 2rem;"
            >
              <pre
                class="text-amber-700"
              >
                0
                :
              </pre>
              <pre
                class="text-rose-500"
              >
                0.6844456033428357
              </pre>
            </div>
            <div
              class="flex items-baseline space-x-1"
              style="margin-left: 2rem;"
            >
              <pre
                class="text-amber-700"
              >
                1
                :
              </pre>
              <pre
                class="text-rose-500"
              >
                0.27454394449064234
              </pre>
            </div>
            <div
              class="flex items-baseline space-x-1"
              style="margin-left: 2rem;"
            >
              <pre
                class="text-amber-700"
              >
                2
                :
              </pre>
              <pre
                class="text-rose-500"
              >
                0.6507152691090319
              </pre>
            </div>
            <div
              class="flex items-baseline space-x-1"
              style="margin-left: 2rem;"
            >
              <pre
                class="text-amber-700"
              >
                3
                :
              </pre>
              <pre
                class="text-rose-500"
              >
                0.14184114549793736
              </pre>
            </div>
            <div
              class="flex items-baseline space-x-1"
              style="margin-left: 2rem;"
            >
              <pre
                class="text-amber-700"
              >
                4
                :
              </pre>
              <pre
                class="text-rose-500"
              >
                0.7227474729867112
              </pre>
            </div>
          </div>
          <div
            class="flex items-baseline space-x-1"
            style="margin-left: 1rem;"
          >
            <pre
              class="text-amber-700"
            >
              nested
              :
            </pre>
            <pre
              class="flex items-center space-x-0.5"
            >
              {
              <button
                class="rounded-sm bg-slate-400 hover:bg-slate-500 active:bg-slate-600"
              >
                <svg />
              </button>
              }
            </pre>
          </div>
          <div
            class="space-y-1 hidden"
          >
            <div
              class="flex items-baseline space-x-1"
              style="margin-left: 2rem;"
            >
              <pre
                class="text-amber-700"
              >
                thx
                :
              </pre>
              <pre
                class="text-rose-500"
              >
                1138
              </pre>
            </div>
            <div
              class="flex items-baseline space-x-1"
              style="margin-left: 2rem;"
            >
              <pre
                class="text-amber-700"
              >
                star
                :
              </pre>
              <pre
                class="text-sky-400"
              >
                "
                wars
                "
              </pre>
            </div>
          </div>
        </div>
        <div
          class="flex items-baseline space-x-1"
          style="margin-left: 0rem;"
        >
          <pre
            class="text-amber-700"
          >
            done
            :
          </pre>
          <pre
            class="text-green-500"
          >
            true
          </pre>
        </div>
      </div>
    </div>
  </main>
</div>
`;
