// Jest Snapshot v1, https://goo.gl/fbAQLP

exports[`[RequestBody] should match initial snapshot 1`] = `
<div>
  <div
    class="mt-8 flex flex-col justify-items-stretch "
  >
    <div
      class="space-y-1"
    >
      <div
        class="flex items-baseline space-x-1"
        style="margin-left: 0rem;"
      >
        <pre
          class="text-amber-700"
        >
          hello
          :
        </pre>
         
        <div
          class="flex-auto"
        >
          <pre
            class="whitespace-pre-wrap break-all text-sky-400"
          >
            "world"
          </pre>
        </div>
      </div>
      <div
        class="flex items-baseline space-x-1"
        style="margin-left: 0rem;"
      >
        <pre
          class="text-amber-700"
        >
          obj
          :
        </pre>
         
        <pre
          class="flex items-center space-x-0.5"
        >
          {
          <button
            class="mx-0.5 rounded-sm bg-slate-400 hover:bg-slate-500 active:bg-slate-600"
          >
            <svg />
          </button>
          }
        </pre>
      </div>
      <div
        class="space-y-1"
      >
        <div
          class="flex items-baseline space-x-1"
          style="margin-left: 1rem;"
        >
          <pre
            class="text-amber-700"
          >
            barbes
            :
          </pre>
           
          <div
            class="flex-auto"
          >
            <pre
              class="whitespace-pre-wrap break-all text-sky-400"
            >
              "rochechouart"
            </pre>
          </div>
        </div>
        <div
          class="flex items-baseline space-x-1"
          style="margin-left: 1rem;"
        >
          <pre
            class="text-amber-700"
          >
            version
            :
          </pre>
           
          <div
            class="flex-auto"
          >
            <pre
              class="whitespace-pre-wrap break-all text-rose-500"
            >
              1
            </pre>
          </div>
        </div>
        <div
          class="flex items-baseline space-x-1"
          style="margin-left: 1rem;"
        >
          <pre
            class="text-amber-700"
          >
            toto
            :
          </pre>
           
          <div
            class="flex-auto"
          >
            <pre
              class="whitespace-pre-wrap break-all text-purple-500"
            >
              null
            </pre>
          </div>
        </div>
        <div
          class="flex items-baseline space-x-1"
          style="margin-left: 1rem;"
        >
          <pre
            class="text-amber-700"
          >
            arr
            :
          </pre>
           
          <pre
            class="flex items-center space-x-0.5"
          >
            [
            <button
              class="mx-0.5 rounded-sm bg-slate-400 hover:bg-slate-500 active:bg-slate-600"
            >
              <svg />
            </button>
            ]
          </pre>
        </div>
        <div
          class="space-y-1 hidden"
        >
          <div
            class="flex items-baseline space-x-1"
            style="margin-left: 2rem;"
          >
            <pre
              class="text-amber-700"
            >
              0
              :
            </pre>
             
            <div
              class="flex-auto"
            >
              <pre
                class="whitespace-pre-wrap break-all text-rose-500"
              >
                0.7309955249202127
              </pre>
            </div>
          </div>
          <div
            class="flex items-baseline space-x-1"
            style="margin-left: 2rem;"
          >
            <pre
              class="text-amber-700"
            >
              1
              :
            </pre>
             
            <div
              class="flex-auto"
            >
              <pre
                class="whitespace-pre-wrap break-all text-rose-500"
              >
                0.45152102178420384
              </pre>
            </div>
          </div>
          <div
            class="flex items-baseline space-x-1"
            style="margin-left: 2rem;"
          >
            <pre
              class="text-amber-700"
            >
              2
              :
            </pre>
             
            <div
              class="flex-auto"
            >
              <pre
                class="whitespace-pre-wrap break-all text-rose-500"
              >
                0.3101491368469109
              </pre>
            </div>
          </div>
          <div
            class="flex items-baseline space-x-1"
            style="margin-left: 2rem;"
          >
            <pre
              class="text-amber-700"
            >
              3
              :
            </pre>
             
            <div
              class="flex-auto"
            >
              <pre
                class="whitespace-pre-wrap break-all text-rose-500"
              >
                0.33964078594296154
              </pre>
            </div>
          </div>
          <div
            class="flex items-baseline space-x-1"
            style="margin-left: 2rem;"
          >
            <pre
              class="text-amber-700"
            >
              4
              :
            </pre>
             
            <div
              class="flex-auto"
            >
              <pre
                class="whitespace-pre-wrap break-all text-rose-500"
              >
                0.579201406715314
              </pre>
            </div>
          </div>
        </div>
        <div
          class="flex items-baseline space-x-1"
          style="margin-left: 1rem;"
        >
          <pre
            class="text-amber-700"
          >
            nested
            :
          </pre>
           
          <pre
            class="flex items-center space-x-0.5"
          >
            {
            <button
              class="mx-0.5 rounded-sm bg-slate-400 hover:bg-slate-500 active:bg-slate-600"
            >
              <svg />
            </button>
            }
          </pre>
        </div>
        <div
          class="space-y-1 hidden"
        >
          <div
            class="flex items-baseline space-x-1"
            style="margin-left: 2rem;"
          >
            <pre
              class="text-amber-700"
            >
              thx
              :
            </pre>
             
            <div
              class="flex-auto"
            >
              <pre
                class="whitespace-pre-wrap break-all text-rose-500"
              >
                1138
              </pre>
            </div>
          </div>
          <div
            class="flex items-baseline space-x-1"
            style="margin-left: 2rem;"
          >
            <pre
              class="text-amber-700"
            >
              star
              :
            </pre>
             
            <div
              class="flex-auto"
            >
              <pre
                class="whitespace-pre-wrap break-all text-sky-400"
              >
                "wars"
              </pre>
            </div>
          </div>
        </div>
      </div>
      <div
        class="flex items-baseline space-x-1"
        style="margin-left: 0rem;"
      >
        <pre
          class="text-amber-700"
        >
          done
          :
        </pre>
         
        <div
          class="flex-auto"
        >
          <pre
            class="whitespace-pre-wrap break-all text-green-500"
          >
            true
          </pre>
        </div>
      </div>
    </div>
  </div>
</div>
`;
