// Jest Snapshot v1, https://goo.gl/fbAQLP

exports[`[RequestView] should match body snapshot 1`] = `
<div>
  <div
    class="max-w-5xl mx-24 mt-8 px-8 pt-2"
  >
    <div
      class="flex space-x-4 mb-4"
    >
      <button
        class="text-base rounded py-2 px-4 font-medium border hover:bg-gray-300 active:bg-gray-400"
      >
        Headers
      </button>
      <button
        class="text-base rounded py-2 px-4 font-medium border bg-blue-50"
        disabled=""
      >
        Body
      </button>
    </div>
    <div
      class="space-y-1"
    >
      <div
        class="flex items-baseline space-x-1"
        style="margin-left: 0rem;"
      >
        <pre
          class="text-amber-700"
        >
          hello
          :
        </pre>
        <pre
          class="text-sky-400"
        >
          "
          world
          "
        </pre>
      </div>
      <div
        class="flex items-baseline space-x-1"
        style="margin-left: 0rem;"
      >
        <pre
          class="text-amber-700"
        >
          obj
          :
        </pre>
        <pre
          class="flex items-center space-x-0.5"
        >
          {
          <button
            class="rounded-sm bg-slate-400 hover:bg-slate-500 active:bg-slate-600"
          >
            <svg />
          </button>
          }
        </pre>
      </div>
      <div
        class="space-y-1 hidden"
      >
        <div
          class="flex items-baseline space-x-1"
          style="margin-left: 1rem;"
        >
          <pre
            class="text-amber-700"
          >
            barbes
            :
          </pre>
          <pre
            class="text-sky-400"
          >
            "
            rochechouart
            "
          </pre>
        </div>
        <div
          class="flex items-baseline space-x-1"
          style="margin-left: 1rem;"
        >
          <pre
            class="text-amber-700"
          >
            version
            :
          </pre>
          <pre
            class="text-rose-500"
          >
            1
          </pre>
        </div>
        <div
          class="flex items-baseline space-x-1"
          style="margin-left: 1rem;"
        >
          <pre
            class="text-amber-700"
          >
            toto
            :
          </pre>
          <pre
            class="text-purple-500"
          >
            null
          </pre>
        </div>
        <div
          class="flex items-baseline space-x-1"
          style="margin-left: 1rem;"
        >
          <pre
            class="text-amber-700"
          >
            arr
            :
          </pre>
          <pre
            class="flex items-center space-x-0.5"
          >
            [
            <button
              class="rounded-sm bg-slate-400 hover:bg-slate-500 active:bg-slate-600"
            >
              <svg />
            </button>
            ]
          </pre>
        </div>
        <div
          class="space-y-1 hidden"
        >
          <div
            class="flex items-baseline space-x-1"
            style="margin-left: 2rem;"
          >
            <pre
              class="text-amber-700"
            >
              0
              :
            </pre>
            <pre
              class="text-rose-500"
            >
              0.6008246444488461
            </pre>
          </div>
          <div
            class="flex items-baseline space-x-1"
            style="margin-left: 2rem;"
          >
            <pre
              class="text-amber-700"
            >
              1
              :
            </pre>
            <pre
              class="text-rose-500"
            >
              0.39624796882166535
            </pre>
          </div>
          <div
            class="flex items-baseline space-x-1"
            style="margin-left: 2rem;"
          >
            <pre
              class="text-amber-700"
            >
              2
              :
            </pre>
            <pre
              class="text-rose-500"
            >
              0.17061112405361434
            </pre>
          </div>
          <div
            class="flex items-baseline space-x-1"
            style="margin-left: 2rem;"
          >
            <pre
              class="text-amber-700"
            >
              3
              :
            </pre>
            <pre
              class="text-rose-500"
            >
              0.9072284282257375
            </pre>
          </div>
          <div
            class="flex items-baseline space-x-1"
            style="margin-left: 2rem;"
          >
            <pre
              class="text-amber-700"
            >
              4
              :
            </pre>
            <pre
              class="text-rose-500"
            >
              0.03493878762841063
            </pre>
          </div>
        </div>
        <div
          class="flex items-baseline space-x-1"
          style="margin-left: 1rem;"
        >
          <pre
            class="text-amber-700"
          >
            nested
            :
          </pre>
          <pre
            class="flex items-center space-x-0.5"
          >
            {
            <button
              class="rounded-sm bg-slate-400 hover:bg-slate-500 active:bg-slate-600"
            >
              <svg />
            </button>
            }
          </pre>
        </div>
        <div
          class="space-y-1 hidden"
        >
          <div
            class="flex items-baseline space-x-1"
            style="margin-left: 2rem;"
          >
            <pre
              class="text-amber-700"
            >
              thx
              :
            </pre>
            <pre
              class="text-rose-500"
            >
              1138
            </pre>
          </div>
          <div
            class="flex items-baseline space-x-1"
            style="margin-left: 2rem;"
          >
            <pre
              class="text-amber-700"
            >
              star
              :
            </pre>
            <pre
              class="text-sky-400"
            >
              "
              wars
              "
            </pre>
          </div>
        </div>
      </div>
      <div
        class="flex items-baseline space-x-1"
        style="margin-left: 0rem;"
      >
        <pre
          class="text-amber-700"
        >
          done
          :
        </pre>
        <pre
          class="text-green-500"
        >
          true
        </pre>
      </div>
    </div>
  </div>
</div>
`;

exports[`[RequestView] should match headers snapshot 1`] = `
<div>
  <div
    class="max-w-5xl mx-24 mt-8 px-8 pt-2"
  >
    <div
      class="flex space-x-4 mb-4"
    >
      <button
        class="text-base rounded py-2 px-4 font-medium border bg-blue-50"
        disabled=""
      >
        Headers
      </button>
      <button
        class="text-base rounded py-2 px-4 font-medium border hover:bg-gray-300 active:bg-gray-400"
      >
        Body
      </button>
    </div>
    <span
      class="text-3xl font-bold"
    >
      www.example.com
    </span>
    <div
      class="my-8 grid grid-cols-[10rem_1fr] gap-x-4 gap-y-1"
    >
      <span
        class="text-right font-medium text-gray-500 select-none"
      >
        URL
      </span>
      <div
        class="flex overflow-x-hidden space-x-1"
      >
        <span
          class="text-ellipsis overflow-x-hidden whitespace-nowrap"
        >
          https://www.example.com/complete/search
        </span>
      </div>
      <span
        class="text-right font-medium text-gray-500 select-none"
      >
        Method
      </span>
      <div
        class="flex overflow-x-hidden space-x-1"
      >
        <span
          class="text-ellipsis overflow-x-hidden whitespace-nowrap"
        >
          POST
        </span>
      </div>
      <span
        class="text-lg font-semibold col-span-2 mt-4 select-none"
      >
        Query
      </span>
      <span
        class="text-right font-medium text-gray-500 select-none"
      >
        q
      </span>
      <div
        class="flex overflow-x-hidden space-x-1"
      >
        <span
          class="text-ellipsis overflow-x-hidden whitespace-nowrap"
        >
          toto
        </span>
      </div>
      <span
        class="text-right font-medium text-gray-500 select-none"
      >
        client
      </span>
      <div
        class="flex overflow-x-hidden space-x-1"
      >
        <span
          class="text-ellipsis overflow-x-hidden whitespace-nowrap"
        >
          gws-wiz
        </span>
      </div>
      <span
        class="text-lg font-semibold col-span-2 mt-4 select-none"
      >
        Headers
      </span>
      <span
        class="text-right font-medium text-gray-500 select-none"
      >
        Content-Type
      </span>
      <div
        class="flex overflow-x-hidden space-x-1"
      >
        <span
          class="text-ellipsis overflow-x-hidden whitespace-nowrap"
        >
          application/json
        </span>
      </div>
    </div>
  </div>
</div>
`;

exports[`[RequestView] should match initial snapshot 1`] = `
<div>
  <div
    class="max-w-5xl mx-24 mt-8 px-8 pt-2"
  >
    <div
      class="flex space-x-4 mb-4"
    >
      <button
        class="text-base rounded py-2 px-4 font-medium border hover:bg-gray-300 active:bg-gray-400"
      >
        Headers
      </button>
      <button
        class="text-base rounded py-2 px-4 font-medium border bg-blue-50"
        disabled=""
      >
        Body
      </button>
    </div>
    <div
      class="space-y-1"
    >
      <div
        class="flex items-baseline space-x-1"
        style="margin-left: 0rem;"
      >
        <pre
          class="text-amber-700"
        >
          hello
          :
        </pre>
        <pre
          class="text-sky-400"
        >
          "
          world
          "
        </pre>
      </div>
      <div
        class="flex items-baseline space-x-1"
        style="margin-left: 0rem;"
      >
        <pre
          class="text-amber-700"
        >
          obj
          :
        </pre>
        <pre
          class="flex items-center space-x-0.5"
        >
          {
          <button
            class="rounded-sm bg-slate-400 hover:bg-slate-500 active:bg-slate-600"
          >
            <svg />
          </button>
          }
        </pre>
      </div>
      <div
        class="space-y-1 hidden"
      >
        <div
          class="flex items-baseline space-x-1"
          style="margin-left: 1rem;"
        >
          <pre
            class="text-amber-700"
          >
            barbes
            :
          </pre>
          <pre
            class="text-sky-400"
          >
            "
            rochechouart
            "
          </pre>
        </div>
        <div
          class="flex items-baseline space-x-1"
          style="margin-left: 1rem;"
        >
          <pre
            class="text-amber-700"
          >
            version
            :
          </pre>
          <pre
            class="text-rose-500"
          >
            1
          </pre>
        </div>
        <div
          class="flex items-baseline space-x-1"
          style="margin-left: 1rem;"
        >
          <pre
            class="text-amber-700"
          >
            toto
            :
          </pre>
          <pre
            class="text-purple-500"
          >
            null
          </pre>
        </div>
        <div
          class="flex items-baseline space-x-1"
          style="margin-left: 1rem;"
        >
          <pre
            class="text-amber-700"
          >
            arr
            :
          </pre>
          <pre
            class="flex items-center space-x-0.5"
          >
            [
            <button
              class="rounded-sm bg-slate-400 hover:bg-slate-500 active:bg-slate-600"
            >
              <svg />
            </button>
            ]
          </pre>
        </div>
        <div
          class="space-y-1 hidden"
        >
          <div
            class="flex items-baseline space-x-1"
            style="margin-left: 2rem;"
          >
            <pre
              class="text-amber-700"
            >
              0
              :
            </pre>
            <pre
              class="text-rose-500"
            >
              0.6008246444488461
            </pre>
          </div>
          <div
            class="flex items-baseline space-x-1"
            style="margin-left: 2rem;"
          >
            <pre
              class="text-amber-700"
            >
              1
              :
            </pre>
            <pre
              class="text-rose-500"
            >
              0.39624796882166535
            </pre>
          </div>
          <div
            class="flex items-baseline space-x-1"
            style="margin-left: 2rem;"
          >
            <pre
              class="text-amber-700"
            >
              2
              :
            </pre>
            <pre
              class="text-rose-500"
            >
              0.17061112405361434
            </pre>
          </div>
          <div
            class="flex items-baseline space-x-1"
            style="margin-left: 2rem;"
          >
            <pre
              class="text-amber-700"
            >
              3
              :
            </pre>
            <pre
              class="text-rose-500"
            >
              0.9072284282257375
            </pre>
          </div>
          <div
            class="flex items-baseline space-x-1"
            style="margin-left: 2rem;"
          >
            <pre
              class="text-amber-700"
            >
              4
              :
            </pre>
            <pre
              class="text-rose-500"
            >
              0.03493878762841063
            </pre>
          </div>
        </div>
        <div
          class="flex items-baseline space-x-1"
          style="margin-left: 1rem;"
        >
          <pre
            class="text-amber-700"
          >
            nested
            :
          </pre>
          <pre
            class="flex items-center space-x-0.5"
          >
            {
            <button
              class="rounded-sm bg-slate-400 hover:bg-slate-500 active:bg-slate-600"
            >
              <svg />
            </button>
            }
          </pre>
        </div>
        <div
          class="space-y-1 hidden"
        >
          <div
            class="flex items-baseline space-x-1"
            style="margin-left: 2rem;"
          >
            <pre
              class="text-amber-700"
            >
              thx
              :
            </pre>
            <pre
              class="text-rose-500"
            >
              1138
            </pre>
          </div>
          <div
            class="flex items-baseline space-x-1"
            style="margin-left: 2rem;"
          >
            <pre
              class="text-amber-700"
            >
              star
              :
            </pre>
            <pre
              class="text-sky-400"
            >
              "
              wars
              "
            </pre>
          </div>
        </div>
      </div>
      <div
        class="flex items-baseline space-x-1"
        style="margin-left: 0rem;"
      >
        <pre
          class="text-amber-700"
        >
          done
          :
        </pre>
        <pre
          class="text-green-500"
        >
          true
        </pre>
      </div>
    </div>
  </div>
</div>
`;
