// Jest Snapshot v1, https://goo.gl/fbAQLP

exports[`[RequestDetails] should match initial snapshot 1`] = `
<div>
  <div
    class=""
  >
    <span
      class="text-3xl font-bold"
    >
      www.example.com
    </span>
    <div
      class="my-8 grid grid-cols-[10rem_1fr] gap-x-4 gap-y-1"
    >
      <span
        class="text-right font-medium text-gray-500 select-none"
      >
        URL
      </span>
      <div
        class="flex overflow-x-hidden space-x-1"
      >
        <span
          class="text-ellipsis overflow-x-hidden whitespace-nowrap"
        >
          https://www.example.com/complete/search
        </span>
      </div>
      <span
        class="text-right font-medium text-gray-500 select-none"
      >
        Method
      </span>
      <div
        class="flex overflow-x-hidden space-x-1"
      >
        <span
          class="text-ellipsis overflow-x-hidden whitespace-nowrap"
        >
          POST
        </span>
      </div>
      <span
        class="text-lg font-semibold col-span-2 mt-4 select-none"
      >
        Query
      </span>
      <div
        class="group flex justify-end items-center space-x-1"
      >
        <button
          class="rounded-sm bg-red-500 hover:bg-red-600 active:bg-red-700 opacity-0 group-hover:opacity-100"
        >
          <svg
            class="fill-white"
          />
        </button>
        <span
          class="font-medium text-gray-500 select-none"
        >
          q
        </span>
      </div>
      <div
        class="flex overflow-x-hidden space-x-1"
      >
        <span
          class="text-ellipsis overflow-x-hidden whitespace-nowrap"
        >
          toto
        </span>
      </div>
      <div
        class="group flex justify-end items-center space-x-1"
      >
        <button
          class="rounded-sm bg-red-500 hover:bg-red-600 active:bg-red-700 opacity-0 group-hover:opacity-100"
        >
          <svg
            class="fill-white"
          />
        </button>
        <span
          class="font-medium text-gray-500 select-none"
        >
          client
        </span>
      </div>
      <div
        class="flex overflow-x-hidden space-x-1"
      >
        <span
          class="text-ellipsis overflow-x-hidden whitespace-nowrap"
        >
          gws-wiz
        </span>
      </div>
      <div
        class="relative col-span-2"
      >
        <button
          class="absolute h-2 -mt-0.5 first:-mt-1.5 group opacity-0 hover:opacity-100"
          style="margin-left: 0rem; width: calc(100% - 0rem); z-index: 0;"
        >
          <div
            class="absolute left-0 right-0 h-0.5 -translate-y-1/2 bg-slate-300 group-hover:bg-slate-400 group-active:bg-slate-500"
          />
          <div
            class="absolute left-1/2 -translate-x-1/2 -translate-y-1/2 border rounded-sm bg-white border-slate-300 group-hover:border-slate-400 group-active:border-slate-500"
          >
            <svg
              class=" fill-slate-300  group-hover:fill-slate-400 group-active:fill-slate-500"
            />
          </div>
        </button>
      </div>
      <span
        class="text-lg font-semibold col-span-2 mt-4 select-none"
      >
        Headers
      </span>
      <div
        class="group flex justify-end items-center space-x-1"
      >
        <button
          class="rounded-sm bg-red-500 hover:bg-red-600 active:bg-red-700 opacity-0 group-hover:opacity-100"
        >
          <svg
            class="fill-white"
          />
        </button>
        <span
          class="font-medium text-gray-500 select-none"
        >
          Accept
        </span>
      </div>
      <div
        class="flex overflow-x-hidden space-x-1"
      >
        <span
          class="text-ellipsis overflow-x-hidden whitespace-nowrap"
        >
          */*
        </span>
      </div>
      <div
        class="group flex justify-end items-center space-x-1"
      >
        <button
          class="rounded-sm bg-red-500 hover:bg-red-600 active:bg-red-700 opacity-0 group-hover:opacity-100"
        >
          <svg
            class="fill-white"
          />
        </button>
        <span
          class="font-medium text-gray-500 select-none"
        >
          Referer
        </span>
      </div>
      <div
        class="flex overflow-x-hidden space-x-1"
      >
        <span
          class="text-ellipsis overflow-x-hidden whitespace-nowrap"
        >
          https://www.google.com/
        </span>
      </div>
      <div
        class="group flex justify-end items-center space-x-1"
      >
        <button
          class="rounded-sm bg-red-500 hover:bg-red-600 active:bg-red-700 opacity-0 group-hover:opacity-100"
        >
          <svg
            class="fill-white"
          />
        </button>
        <span
          class="font-medium text-gray-500 select-none"
        >
          User-Agent
        </span>
      </div>
      <div
        class="flex overflow-x-hidden space-x-1"
      >
        <span
          class="text-ellipsis overflow-x-hidden whitespace-nowrap"
        >
          Mozilla/5.0 (Macintosh; Intel Mac OS X 10_15_7) AppleWebKit/537.36 (KHTML, like Gecko) Chrome/98.0.4758.102 Safari/537.36
        </span>
      </div>
      <div
        class="group flex justify-end items-center space-x-1"
      >
        <button
          class="rounded-sm bg-red-500 hover:bg-red-600 active:bg-red-700 opacity-0 group-hover:opacity-100"
        >
          <svg
            class="fill-white"
          />
        </button>
        <span
          class="font-medium text-gray-500 select-none"
        >
          Content-Type
        </span>
      </div>
      <div
        class="flex overflow-x-hidden space-x-1"
      >
        <span
          class="text-ellipsis overflow-x-hidden whitespace-nowrap"
        >
          application/json
        </span>
      </div>
      <div
        class="relative col-span-2"
      >
        <button
          class="absolute h-2 -mt-0.5 first:-mt-1.5 group opacity-0 hover:opacity-100"
          style="margin-left: 0rem; width: calc(100% - 0rem); z-index: 0;"
        >
          <div
            class="absolute left-0 right-0 h-0.5 -translate-y-1/2 bg-slate-300 group-hover:bg-slate-400 group-active:bg-slate-500"
          />
          <div
            class="absolute left-1/2 -translate-x-1/2 -translate-y-1/2 border rounded-sm bg-white border-slate-300 group-hover:border-slate-400 group-active:border-slate-500"
          >
            <svg
              class=" fill-slate-300  group-hover:fill-slate-400 group-active:fill-slate-500"
            />
          </div>
        </button>
      </div>
      <span
        class="text-lg font-semibold col-span-2 mt-4 select-none"
      >
        Cookies
      </span>
      <div
        class="group flex justify-end items-center space-x-1"
      >
        <span
          class="font-medium text-gray-500 select-none"
        >
          CONSENT
        </span>
      </div>
      <div
        class="flex overflow-x-hidden space-x-1"
      >
        <span
          class="text-ellipsis overflow-x-hidden whitespace-nowrap"
        >
          YES+srp.gws-20220217-0-RC1.en+FX+923
        </span>
      </div>
      <div
        class="group flex justify-end items-center space-x-1"
      >
        <span
          class="font-medium text-gray-500 select-none"
        >
          1P_JAR
        </span>
      </div>
      <div
        class="flex overflow-x-hidden space-x-1"
      >
        <span
          class="text-ellipsis overflow-x-hidden whitespace-nowrap"
        >
          2022-02-20-16
        </span>
      </div>
    </div>
  </div>
</div>
`;
