// Jest Snapshot v1, https://goo.gl/fbAQLP

exports[`[RequestList] should match empty snapshot 1`] = `
<div>
  <div
    class="flex flex-col "
    id="request-list"
    role="list"
  >
    <div
      class="flex select-none justify-between bg-slate-100 p-1 font-bold"
    >
      Requests
    </div>
    <div
      class="flex flex-col overflow-y-visible"
    />
  </div>
</div>
`;

exports[`[RequestList] should match requestful snapshot 1`] = `
<div>
  <div
    class="flex flex-col "
    id="request-list"
    role="list"
  >
    <div
      class="flex select-none justify-between bg-slate-100 p-1 font-bold"
    >
      Requests
    </div>
    <div
      class="flex flex-col overflow-y-visible"
    />
  </div>
</div>
`;
