// Jest Snapshot v1, https://goo.gl/fbAQLP

exports[`[Sidebar] should match empty snapshot 1`] = `
<div>
  <aside
    class="flex flex-col justify-between border-r border-slate-300 "
    id="sidebar"
  >
    <div
      class="flex flex-col flex-initial overflow-y-auto"
      id="request-list"
      role="list"
    >
      <div
        class="flex select-none justify-between bg-slate-100 p-1 font-bold"
      >
        Requests
      </div>
      <div
        class="flex flex-col overflow-y-visible"
      />
    </div>
    <div
      class="flex flex-col flex-none overflow-y-auto"
      id="intercept-list"
      role="list"
    >
      <div
        class="flex select-none justify-between bg-slate-100 p-1"
      >
        <span
          class="font-bold"
        >
          Intercepts
        </span>
        <button
          class="self-stretch"
          title="Add intercept"
        >
          <svg
            class="h-full w-auto"
          />
        </button>
      </div>
      <div
        class="flex flex-col overflow-y-visible"
      />
    </div>
  </aside>
</div>
`;
