// Jest Snapshot v1, https://goo.gl/fbAQLP

exports[`[Sidebar] should match empty snapshot 1`] = `
<div>
  <aside
    class="flex flex-col justify-between border-r border-slate-300 dark:border-slate-500 "
    id="sidebar"
  >
    <div
      class="flex flex-col flex-initial overflow-y-auto"
      id="request-list"
      role="list"
    >
      <div
        class="p-1 flex space-x-1 justify-between select-none bg-slate-100 dark:bg-slate-700"
      >
        <span
          class="font-bold flex-auto"
        >
          Requests
        </span>
        <button
          class="self-stretch"
          title="Continue all requests"
        >
          <svg
            class="h-full w-auto rotate-90 dark:fill-slate-50"
          />
        </button>
      </div>
      <div
        class="flex flex-col overflow-y-visible"
      >
        <div
          class="px-1 flex select-none overflow-hidden "
          role="listitem"
        >
          <span
            class="flex-auto mr-1 overflow-hidden text-ellipsis whitespace-nowrap "
          >
            https://www.example.com/complete/search?q=toto&client=gws-wiz
          </span>
          <button
            class="self-stretch"
            title="Cancel request"
          >
            <svg
              class="h-full w-auto dark:fill-slate-50"
            />
          </button>
          <button
            class="self-stretch"
            title="Continue request"
          >
            <svg
              class="h-full w-auto dark:fill-slate-50"
            />
          </button>
        </div>
      </div>
    </div>
    <div
      class="flex flex-col flex-none overflow-y-auto"
      id="intercept-list"
      role="list"
    >
      <div
        class="p-1 flex space-x-1 justify-between select-none bg-slate-100 dark:bg-slate-700"
      >
        <span
          class="font-bold flex-auto"
        >
          Intercepts
        </span>
        <button
          class="self-stretch"
          title="Pause intercepts"
        >
          <svg
            class="h-full w-auto dark:fill-slate-50"
          />
        </button>
        <button
          class="self-stretch"
          title="Add intercept"
        >
          <svg
            class="h-full w-auto dark:fill-slate-50"
          />
        </button>
      </div>
      <div
        class="flex flex-col overflow-y-visible"
      >
        <div
          class="flex w-full select-none justify-between p-1 "
          role="listitem"
        >
          <div
            class="flex flex-grow items-center overflow-hidden"
          >
            <input
              checked=""
              class="mr-0.5 focus:ring-0 "
              type="checkbox"
            />
            <span
              class="w-full mx-0.5 overflow-hidden text-ellipsis whitespace-nowrap "
            >
              example.com
            </span>
          </div>
          <button
            class="self-stretch"
            title="Delete intercept"
          >
            <svg
              class="h-full w-auto dark:fill-slate-50"
            />
          </button>
        </div>
      </div>
    </div>
  </aside>
</div>
`;
