// Jest Snapshot v1, https://goo.gl/fbAQLP

exports[`[Welcome] should click button 1`] = `
<div>
  <div
    class="container min-h-screen flex flex-col justify-center items-center bg-slate-50 "
    id="welcome"
  >
    <div
      class="container max-w-xs"
    >
      <svg
        class="w-full h-auto fill-indigo-700"
      />
    </div>
    <div
      class="font-bold text-4xl"
    >
      Welcome to Interceptor
    </div>
    <button
      class="px-9 py-3 my-6 rounded font-semibold bg-indigo-700 text-sm text-white hover:opacity-75 active:opacity-100"
      title="Add intercept"
    >
      Add Intercept
    </button>
  </div>
</div>
`;

exports[`[Welcome] should match empty snapshot 1`] = `
<div>
  <div
    class="container min-h-screen flex flex-col justify-center items-center bg-slate-50 "
    id="welcome"
  >
    <div
      class="container max-w-xs"
    >
      <svg
        class="w-full h-auto fill-indigo-700"
      />
    </div>
    <div
      class="font-bold text-4xl"
    >
      Welcome to Interceptor
    </div>
    <button
      class="px-9 py-3 my-6 rounded font-semibold bg-indigo-700 text-sm text-white hover:opacity-75 active:opacity-100"
      title="Add intercept"
    >
      Add Intercept
    </button>
  </div>
</div>
`;
